// Jest Snapshot v1, https://goo.gl/fbAQLP

exports[`NotFoundPage component renders UI as expected 1`] = `
<div
  className="not-found"
  role="main"
>
  <h1
    className="not-found-h1"
  >
    Page Not Found!
  </h1>
</div>
`;
