// Jest Snapshot v1, https://goo.gl/fbAQLP

exports[`Completed component renders a .Dashboard by default 1`] = `<Dashboard />`;
