// Jest Snapshot v1, https://goo.gl/fbAQLP

exports[`RatingChart component renders a .RatingChart by default 1`] = `<RatingChart />`;
