// Jest Snapshot v1, https://goo.gl/fbAQLP

exports[`GenreChart component renders a .GenreChart by default 1`] = `<GenreChart />`;
