// Jest Snapshot v1, https://goo.gl/fbAQLP

exports[`FormError component renders a .FormError by default 1`] = `
<div
  aria-live="polite"
  className="error-message"
>
  Error message
</div>
`;
