// Jest Snapshot v1, https://goo.gl/fbAQLP

exports[`EditForm component renders an .EditForm by default 1`] = `<EditForm />`;
