// Jest Snapshot v1, https://goo.gl/fbAQLP

exports[`ErrorBoundary component renders a .ErrorBoundary by default 1`] = `""`;
