// Jest Snapshot v1, https://goo.gl/fbAQLP

exports[`AppNav component renders UI as expected 1`] = `
<footer
  className="footer"
>
  <p
    className="footer-p"
  >
    Created by William Bae
  </p>
</footer>
`;
