// Jest Snapshot v1, https://goo.gl/fbAQLP

exports[`AppNav component renders UI as expected 1`] = `
<header
  className="appnav-header"
>
  <div
    className="appnav-logo-header"
  >
    <div
      className="appnav-logo-div"
    >
      <a
        href="/"
        onClick={[Function]}
      >
        <i
          className="fa fa-tv fa-2x"
        />
      </a>
    </div>
    <a
      href="/"
      onClick={[Function]}
    >
      <h2
        className="appnav-title"
      >
        TV Tracker
      </h2>
    </a>
  </div>
  <nav
    className="appnav"
  >
    <ul
      className="appnav-links"
    >
      <a
        aria-current={null}
        className="appnav-li"
        href="/dashboard"
        onClick={[Function]}
      >
        <li>
          Dashboard
        </li>
      </a>
      <li
        className="appnav-li"
        id="dropdown-li"
      >
        <div
          className="dropdown"
        >
          <button
            className="dropbtn"
          >
            TV Show Status
          </button>
          <div
            className="dropdown-content"
          >
            <a
              aria-current={null}
              className="dropdown-link"
              href="/plan-to-watch"
              onClick={[Function]}
            >
              <span
                className="dropdown-span"
              >
                Plan to Watch
              </span>
            </a>
            <a
              aria-current={null}
              className="dropdown-link"
              href="/currently-watching"
              onClick={[Function]}
            >
              <span
                className="dropdown-span"
              >
                Currently Watching
              </span>
            </a>
            <a
              aria-current={null}
              className="dropdown-link"
              href="/completed"
              onClick={[Function]}
            >
              <span
                className="dropdown-span"
              >
                Completed
              </span>
            </a>
          </div>
        </div>
      </li>
      <a
        aria-current={null}
        className="appnav-li"
        href="/add-entry"
        onClick={[Function]}
      >
        <li>
          Add New Show
        </li>
      </a>
      <a
        href="/"
        onClick={[Function]}
      >
        <li
          className="appnav-li"
        >
          <button
            className="logout-button"
            onClick={[Function]}
            type="button"
          >
            Logout
          </button>
        </li>
      </a>
    </ul>
  </nav>
  <div
    className="hamburger"
  >
    <label
      className="hamburger-logo"
      htmlFor="toggle"
    >
      â˜°
    </label>
    <input
      id="toggle"
      type="checkbox"
    />
    <ul
      className="menu"
    >
      <a
        href="/dashboard"
        onClick={[Function]}
      >
        <li
          className="appnav-li appnav-li-first"
        >
          Dashboard
        </li>
      </a>
      <a
        href="/plan-to-watch"
        onClick={[Function]}
      >
        <li
          className="appnav-li"
        >
          Plan to Watch
        </li>
      </a>
      <a
        href="/currently-watching"
        onClick={[Function]}
      >
        <li
          className="appnav-li"
        >
          Currently Watching
        </li>
      </a>
      <a
        href="/completed"
        onClick={[Function]}
      >
        <li
          className="appnav-li"
        >
          Completed
        </li>
      </a>
      <a
        href="/add-entry"
        onClick={[Function]}
      >
        <li
          className="appnav-li"
        >
          Add New Show
        </li>
      </a>
      <a
        href="/"
        onClick={[Function]}
      >
        <li
          className="appnav-li"
          onClick={[Function]}
        >
          Logout
        </li>
      </a>
    </ul>
  </div>
</header>
`;
