// Jest Snapshot v1, https://goo.gl/fbAQLP

exports[`PlanToWatch component renders UI as expected 1`] = `
<div
  className="plan-section"
>
  <div
    className="error-bigger"
    role="alert"
  />
  <section
    className="tv-queries"
  >
    <h1
      className="plan-h1"
    >
      Plan to Watch
    </h1>
    <div
      className="query-flex"
    >
      <div
        className="search-div"
      >
        <label
          className="search-label"
          htmlFor="searchTerm"
        >
          Search TV Show
        </label>
        <input
          id="searchTerm"
          name="searchTerm"
          onChange={[Function]}
          placeholder="Enter TV Show Name..."
          type="text"
          value=""
        />
      </div>
      <div
        className="filter-genre"
      >
        <select
          id="genre-options"
          name="genre-options"
          onChange={[Function]}
        >
          <option
            value=""
          >
            Filter By Genre...
          </option>
          <option
            value="N/A"
          >
            N/A
          </option>
          <option
            value="Action"
          >
            Action
          </option>
          <option
            value="Animated"
          >
            Animated
          </option>
          <option
            value="Comedy"
          >
            Comedy
          </option>
          <option
            value="Documentary"
          >
            Documentary
          </option>
          <option
            value="Drama"
          >
            Drama
          </option>
          <option
            value="Educational"
          >
            Educational
          </option>
          <option
            value="Fantasy"
          >
            Fantasy
          </option>
          <option
            value="Horror"
          >
            Horror
          </option>
          <option
            value="Mystery"
          >
            Mystery
          </option>
          <option
            value="Reality"
          >
            Reality
          </option>
          <option
            value="Sitcom"
          >
            Sitcom
          </option>
          <option
            value="Sci-Fi"
          >
            Sci-Fi
          </option>
          <option
            value="Thriller"
          >
            Thriller
          </option>
          <option
            value="Variety"
          >
            Variety
          </option>
        </select>
      </div>
      <div
        className="filter-rating"
      >
        <select
          id="rating-options"
          name="rating-options"
          onChange={[Function]}
        >
          <option
            value=""
          >
            Filter By Min. Rating...
          </option>
          <option
            value="0"
          >
            No Rating
          </option>
          <option
            value="1"
          >
            1 Star
          </option>
          <option
            value="2"
          >
            2 Stars
          </option>
          <option
            value="3"
          >
            3 Stars
          </option>
          <option
            value="4"
          >
            4 Stars
          </option>
          <option
            value="5"
          >
            5 Stars
          </option>
        </select>
      </div>
      <div
        className="sort-div"
      >
        <select
          id="sort-options"
          name="sort-options"
          onChange={[Function]}
        >
          <option
            value="0"
          >
            Sort By...
          </option>
          <optgroup
            label="TV Show Name"
          >
            <option
              value="1"
            >
              Name (A-Z)
            </option>
            <option
              value="2"
            >
              Name (Z-A)
            </option>
          </optgroup>
          <optgroup
            label="Rating"
          >
            <option
              value="3"
            >
              Rating (Low to High)
            </option>
            <option
              value="4"
            >
              Rating (High to Low)
            </option>
          </optgroup>
        </select>
      </div>
    </div>
  </section>
</div>
`;

exports[`PlanToWatch component renders a .PlanToWatch by default 1`] = `<PlanToWatch />`;

exports[`PlanToWatch component renders a Show in section for each notes in array 1`] = `null`;
