// Jest Snapshot v1, https://goo.gl/fbAQLP

exports[`StatusChart component renders a .StatusChart by default 1`] = `<StatusChart />`;
